// Jest Snapshot v1, https://goo.gl/fbAQLP

exports[`RadioField render() can select a different item 1`] = `
<InputField
  choices={[Function]}
  field={[Function]}
/>
`;

exports[`RadioField render() renders 1`] = `
<InputField
  choices={
    Array [
      Array [
        0,
        "Choice One",
      ],
      Array [
        1,
        "Choice Two",
      ],
      Array [
        2,
        "Choice Three",
      ],
    ]
  }
  field={[Function]}
  name="radio"
/>
`;
